[2026-02-10T12:13:51.779+0000] {manager.py:469} INFO - Processing files using up to 2 processes at a time 
[2026-02-10T12:13:51.780+0000] {manager.py:470} INFO - Process each file at most once every 30 seconds
[2026-02-10T12:13:51.781+0000] {manager.py:471} INFO - Checking for new files in /opt/airflow/dags every 300 seconds
[2026-02-10T12:13:51.781+0000] {manager.py:738} INFO - Searching for files in /opt/airflow/dags
[2026-02-10T12:13:51.802+0000] {manager.py:741} INFO - There are 1 files in /opt/airflow/dags
[2026-02-10T12:13:51.886+0000] {manager.py:879} INFO - 
================================================================================
DAG File Processing Stats

File Path                              PID  Runtime      # DAGs    # Errors  Last Runtime    Last Run
-----------------------------------  -----  ---------  --------  ----------  --------------  ----------
/opt/airflow/dags/etl_city_pulse.py    219  0.04s             0           0
================================================================================
[2026-02-10T12:13:56.116+0000] {manager.py:451} INFO - Exiting gracefully upon receiving signal 15
[2026-02-10T12:14:04.148+0000] {manager.py:469} INFO - Processing files using up to 2 processes at a time 
[2026-02-10T12:14:04.149+0000] {manager.py:470} INFO - Process each file at most once every 30 seconds
[2026-02-10T12:14:04.150+0000] {manager.py:471} INFO - Checking for new files in /opt/airflow/dags every 300 seconds
[2026-02-10T12:14:04.150+0000] {manager.py:738} INFO - Searching for files in /opt/airflow/dags
[2026-02-10T12:14:04.170+0000] {manager.py:741} INFO - There are 1 files in /opt/airflow/dags
[2026-02-10T12:14:04.235+0000] {manager.py:879} INFO - 
================================================================================
DAG File Processing Stats

File Path                              PID  Runtime      # DAGs    # Errors  Last Runtime    Last Run
-----------------------------------  -----  ---------  --------  ----------  --------------  ----------
/opt/airflow/dags/etl_city_pulse.py    171  0.03s             0           0
================================================================================
[2026-02-10T12:14:34.473+0000] {manager.py:879} INFO - 
================================================================================
DAG File Processing Stats

File Path                              PID  Runtime      # DAGs    # Errors  Last Runtime    Last Run
-----------------------------------  -----  ---------  --------  ----------  --------------  -------------------
/opt/airflow/dags/etl_city_pulse.py    176  0.00s             0           1  0.08s           2026-02-10T12:14:04
================================================================================
[2026-02-10T12:15:04.716+0000] {manager.py:879} INFO - 
================================================================================
DAG File Processing Stats

File Path                              PID  Runtime      # DAGs    # Errors  Last Runtime    Last Run
-----------------------------------  -----  ---------  --------  ----------  --------------  -------------------
/opt/airflow/dags/etl_city_pulse.py    181  0.00s             0           1  0.06s           2026-02-10T12:14:34
================================================================================
[2026-02-10T12:15:34.957+0000] {manager.py:879} INFO - 
================================================================================
DAG File Processing Stats

File Path                              PID  Runtime      # DAGs    # Errors  Last Runtime    Last Run
-----------------------------------  -----  ---------  --------  ----------  --------------  -------------------
/opt/airflow/dags/etl_city_pulse.py    186  0.00s             0           1  0.08s           2026-02-10T12:15:04
================================================================================
[2026-02-10T12:16:05.355+0000] {manager.py:879} INFO - 
================================================================================
DAG File Processing Stats

File Path                            PID    Runtime      # DAGs    # Errors  Last Runtime    Last Run
-----------------------------------  -----  ---------  --------  ----------  --------------  -------------------
/opt/airflow/dags/etl_city_pulse.py                           0           1  0.09s           2026-02-10T12:15:41
================================================================================
[2026-02-10T12:16:36.000+0000] {manager.py:879} INFO - 
================================================================================
DAG File Processing Stats

File Path                            PID    Runtime      # DAGs    # Errors  Last Runtime    Last Run
-----------------------------------  -----  ---------  --------  ----------  --------------  -------------------
/opt/airflow/dags/etl_city_pulse.py                           1           0  0.11s           2026-02-10T12:16:31
================================================================================
[2026-02-10T12:17:06.263+0000] {manager.py:879} INFO - 
================================================================================
DAG File Processing Stats

File Path                            PID    Runtime      # DAGs    # Errors  Last Runtime    Last Run
-----------------------------------  -----  ---------  --------  ----------  --------------  -------------------
/opt/airflow/dags/etl_city_pulse.py                           1           0  0.14s           2026-02-10T12:17:01
================================================================================
[2026-02-10T12:17:36.560+0000] {manager.py:879} INFO - 
================================================================================
DAG File Processing Stats

File Path                            PID    Runtime      # DAGs    # Errors  Last Runtime    Last Run
-----------------------------------  -----  ---------  --------  ----------  --------------  -------------------
/opt/airflow/dags/etl_city_pulse.py                           1           0  0.19s           2026-02-10T12:17:31
================================================================================
[2026-02-10T12:18:06.849+0000] {manager.py:879} INFO - 
================================================================================
DAG File Processing Stats

File Path                            PID    Runtime      # DAGs    # Errors  Last Runtime    Last Run
-----------------------------------  -----  ---------  --------  ----------  --------------  -------------------
/opt/airflow/dags/etl_city_pulse.py                           1           0  0.11s           2026-02-10T12:18:01
================================================================================
[2026-02-10T12:18:37.103+0000] {manager.py:879} INFO - 
================================================================================
DAG File Processing Stats

File Path                            PID    Runtime      # DAGs    # Errors  Last Runtime    Last Run
-----------------------------------  -----  ---------  --------  ----------  --------------  -------------------
/opt/airflow/dags/etl_city_pulse.py                           1           0  0.13s           2026-02-10T12:18:32
================================================================================
[2026-02-10T12:19:04.441+0000] {manager.py:738} INFO - Searching for files in /opt/airflow/dags
[2026-02-10T12:19:04.486+0000] {manager.py:741} INFO - There are 1 files in /opt/airflow/dags
[2026-02-10T12:19:07.542+0000] {manager.py:879} INFO - 
================================================================================
DAG File Processing Stats

File Path                            PID    Runtime      # DAGs    # Errors  Last Runtime    Last Run
-----------------------------------  -----  ---------  --------  ----------  --------------  -------------------
/opt/airflow/dags/etl_city_pulse.py                           1           0  0.11s           2026-02-10T12:19:02
================================================================================
[2026-02-10T12:19:37.813+0000] {manager.py:879} INFO - 
================================================================================
DAG File Processing Stats

File Path                            PID    Runtime      # DAGs    # Errors  Last Runtime    Last Run
-----------------------------------  -----  ---------  --------  ----------  --------------  -------------------
/opt/airflow/dags/etl_city_pulse.py                           1           0  0.12s           2026-02-10T12:19:32
================================================================================
[2026-02-10T12:20:08.082+0000] {manager.py:879} INFO - 
================================================================================
DAG File Processing Stats

File Path                            PID    Runtime      # DAGs    # Errors  Last Runtime    Last Run
-----------------------------------  -----  ---------  --------  ----------  --------------  -------------------
/opt/airflow/dags/etl_city_pulse.py                           1           0  0.13s           2026-02-10T12:20:03
================================================================================
[2026-02-10T12:20:38.294+0000] {manager.py:879} INFO - 
================================================================================
DAG File Processing Stats

File Path                            PID    Runtime      # DAGs    # Errors  Last Runtime    Last Run
-----------------------------------  -----  ---------  --------  ----------  --------------  -------------------
/opt/airflow/dags/etl_city_pulse.py                           1           0  0.12s           2026-02-10T12:20:33
================================================================================
[2026-02-10T12:21:08.648+0000] {manager.py:879} INFO - 
================================================================================
DAG File Processing Stats

File Path                            PID    Runtime      # DAGs    # Errors  Last Runtime    Last Run
-----------------------------------  -----  ---------  --------  ----------  --------------  -------------------
/opt/airflow/dags/etl_city_pulse.py                           1           0  0.13s           2026-02-10T12:21:03
================================================================================
[2026-02-10T12:21:38.955+0000] {manager.py:879} INFO - 
================================================================================
DAG File Processing Stats

File Path                            PID    Runtime      # DAGs    # Errors  Last Runtime    Last Run
-----------------------------------  -----  ---------  --------  ----------  --------------  -------------------
/opt/airflow/dags/etl_city_pulse.py                           1           0  0.12s           2026-02-10T12:21:34
================================================================================
[2026-02-10T12:22:09.318+0000] {manager.py:879} INFO - 
================================================================================
DAG File Processing Stats

File Path                            PID    Runtime      # DAGs    # Errors  Last Runtime    Last Run
-----------------------------------  -----  ---------  --------  ----------  --------------  -------------------
/opt/airflow/dags/etl_city_pulse.py                           1           0  0.13s           2026-02-10T12:22:04
================================================================================
[2026-02-10T12:22:39.634+0000] {manager.py:879} INFO - 
================================================================================
DAG File Processing Stats

File Path                            PID    Runtime      # DAGs    # Errors  Last Runtime    Last Run
-----------------------------------  -----  ---------  --------  ----------  --------------  -------------------
/opt/airflow/dags/etl_city_pulse.py                           1           0  0.12s           2026-02-10T12:22:34
================================================================================
[2026-02-10T12:23:09.968+0000] {manager.py:879} INFO - 
================================================================================
DAG File Processing Stats

File Path                            PID    Runtime      # DAGs    # Errors  Last Runtime    Last Run
-----------------------------------  -----  ---------  --------  ----------  --------------  -------------------
/opt/airflow/dags/etl_city_pulse.py                           1           0  0.12s           2026-02-10T12:23:04
================================================================================
[2026-02-10T12:23:40.211+0000] {manager.py:879} INFO - 
================================================================================
DAG File Processing Stats

File Path                            PID    Runtime      # DAGs    # Errors  Last Runtime    Last Run
-----------------------------------  -----  ---------  --------  ----------  --------------  -------------------
/opt/airflow/dags/etl_city_pulse.py                           1           0  0.14s           2026-02-10T12:23:35
================================================================================
[2026-02-10T12:24:04.471+0000] {manager.py:738} INFO - Searching for files in /opt/airflow/dags
[2026-02-10T12:24:04.509+0000] {manager.py:741} INFO - There are 1 files in /opt/airflow/dags
[2026-02-10T12:24:10.440+0000] {manager.py:879} INFO - 
================================================================================
DAG File Processing Stats

File Path                            PID    Runtime      # DAGs    # Errors  Last Runtime    Last Run
-----------------------------------  -----  ---------  --------  ----------  --------------  -------------------
/opt/airflow/dags/etl_city_pulse.py                           1           0  0.12s           2026-02-10T12:24:05
================================================================================
[2026-02-10T12:24:40.772+0000] {manager.py:879} INFO - 
================================================================================
DAG File Processing Stats

File Path                            PID    Runtime      # DAGs    # Errors  Last Runtime    Last Run
-----------------------------------  -----  ---------  --------  ----------  --------------  -------------------
/opt/airflow/dags/etl_city_pulse.py                           1           0  0.12s           2026-02-10T12:24:35
================================================================================
[2026-02-10T12:25:11.058+0000] {manager.py:879} INFO - 
================================================================================
DAG File Processing Stats

File Path                            PID    Runtime      # DAGs    # Errors  Last Runtime    Last Run
-----------------------------------  -----  ---------  --------  ----------  --------------  -------------------
/opt/airflow/dags/etl_city_pulse.py                           1           0  0.12s           2026-02-10T12:25:06
================================================================================
[2026-02-10T12:25:41.313+0000] {manager.py:879} INFO - 
================================================================================
DAG File Processing Stats

File Path                            PID    Runtime      # DAGs    # Errors  Last Runtime    Last Run
-----------------------------------  -----  ---------  --------  ----------  --------------  -------------------
/opt/airflow/dags/etl_city_pulse.py                           1           0  0.13s           2026-02-10T12:25:36
================================================================================
[2026-02-10T12:26:11.596+0000] {manager.py:879} INFO - 
================================================================================
DAG File Processing Stats

File Path                            PID    Runtime      # DAGs    # Errors  Last Runtime    Last Run
-----------------------------------  -----  ---------  --------  ----------  --------------  -------------------
/opt/airflow/dags/etl_city_pulse.py                           1           0  0.11s           2026-02-10T12:26:06
================================================================================
[2026-02-10T12:26:41.917+0000] {manager.py:879} INFO - 
================================================================================
DAG File Processing Stats

File Path                            PID    Runtime      # DAGs    # Errors  Last Runtime    Last Run
-----------------------------------  -----  ---------  --------  ----------  --------------  -------------------
/opt/airflow/dags/etl_city_pulse.py                           1           0  0.13s           2026-02-10T12:26:36
================================================================================
[2026-02-10T12:27:12.274+0000] {manager.py:879} INFO - 
================================================================================
DAG File Processing Stats

File Path                            PID    Runtime      # DAGs    # Errors  Last Runtime    Last Run
-----------------------------------  -----  ---------  --------  ----------  --------------  -------------------
/opt/airflow/dags/etl_city_pulse.py                           1           0  0.11s           2026-02-10T12:27:07
================================================================================
[2026-02-10T12:27:42.600+0000] {manager.py:879} INFO - 
================================================================================
DAG File Processing Stats

File Path                            PID    Runtime      # DAGs    # Errors  Last Runtime    Last Run
-----------------------------------  -----  ---------  --------  ----------  --------------  -------------------
/opt/airflow/dags/etl_city_pulse.py                           1           0  0.11s           2026-02-10T12:27:37
================================================================================
[2026-02-10T12:28:01.019+0000] {manager.py:451} INFO - Exiting gracefully upon receiving signal 15
[2026-02-10T12:28:09.653+0000] {manager.py:469} INFO - Processing files using up to 2 processes at a time 
[2026-02-10T12:28:09.655+0000] {manager.py:470} INFO - Process each file at most once every 30 seconds
[2026-02-10T12:28:09.656+0000] {manager.py:471} INFO - Checking for new files in /opt/airflow/dags every 300 seconds
[2026-02-10T12:28:09.657+0000] {manager.py:738} INFO - Searching for files in /opt/airflow/dags
[2026-02-10T12:28:09.691+0000] {manager.py:741} INFO - There are 1 files in /opt/airflow/dags
[2026-02-10T12:28:09.803+0000] {manager.py:879} INFO - 
================================================================================
DAG File Processing Stats

File Path                              PID  Runtime      # DAGs    # Errors  Last Runtime    Last Run
-----------------------------------  -----  ---------  --------  ----------  --------------  ----------
/opt/airflow/dags/etl_city_pulse.py    171  0.04s             0           0
================================================================================
[2026-02-10T12:28:40.053+0000] {manager.py:879} INFO - 
================================================================================
DAG File Processing Stats

File Path                              PID  Runtime      # DAGs    # Errors  Last Runtime    Last Run
-----------------------------------  -----  ---------  --------  ----------  --------------  -------------------
/opt/airflow/dags/etl_city_pulse.py    176  0.00s             1           0  0.23s           2026-02-10T12:28:09
================================================================================
[2026-02-10T12:29:10.411+0000] {manager.py:879} INFO - 
================================================================================
DAG File Processing Stats

File Path                              PID  Runtime      # DAGs    # Errors  Last Runtime    Last Run
-----------------------------------  -----  ---------  --------  ----------  --------------  -------------------
/opt/airflow/dags/etl_city_pulse.py    181  0.01s             1           0  0.17s           2026-02-10T12:28:40
================================================================================
[2026-02-10T12:29:14.922+0000] {manager.py:451} INFO - Exiting gracefully upon receiving signal 15
[2026-02-10T12:29:24.644+0000] {manager.py:469} INFO - Processing files using up to 2 processes at a time 
[2026-02-10T12:29:24.645+0000] {manager.py:470} INFO - Process each file at most once every 30 seconds
[2026-02-10T12:29:24.645+0000] {manager.py:471} INFO - Checking for new files in /opt/airflow/dags every 300 seconds
[2026-02-10T12:29:24.646+0000] {manager.py:738} INFO - Searching for files in /opt/airflow/dags
[2026-02-10T12:29:24.666+0000] {manager.py:741} INFO - There are 1 files in /opt/airflow/dags
[2026-02-10T12:29:24.748+0000] {manager.py:879} INFO - 
================================================================================
DAG File Processing Stats

File Path                              PID  Runtime      # DAGs    # Errors  Last Runtime    Last Run
-----------------------------------  -----  ---------  --------  ----------  --------------  ----------
/opt/airflow/dags/etl_city_pulse.py    171  0.03s             0           0
================================================================================
[2026-02-10T12:29:54.959+0000] {manager.py:879} INFO - 
================================================================================
DAG File Processing Stats

File Path                              PID  Runtime      # DAGs    # Errors  Last Runtime    Last Run
-----------------------------------  -----  ---------  --------  ----------  --------------  -------------------
/opt/airflow/dags/etl_city_pulse.py    176  0.00s             1           0  0.14s           2026-02-10T12:29:24
================================================================================
[2026-02-10T12:30:25.281+0000] {manager.py:879} INFO - 
================================================================================
DAG File Processing Stats

File Path                              PID  Runtime      # DAGs    # Errors  Last Runtime    Last Run
-----------------------------------  -----  ---------  --------  ----------  --------------  -------------------
/opt/airflow/dags/etl_city_pulse.py    181  0.00s             1           0  0.17s           2026-02-10T12:29:55
================================================================================
[2026-02-10T12:30:55.573+0000] {manager.py:879} INFO - 
================================================================================
DAG File Processing Stats

File Path                              PID  Runtime      # DAGs    # Errors  Last Runtime    Last Run
-----------------------------------  -----  ---------  --------  ----------  --------------  -------------------
/opt/airflow/dags/etl_city_pulse.py    186  0.01s             1           0  0.11s           2026-02-10T12:30:25
================================================================================
[2026-02-10T12:31:25.872+0000] {manager.py:879} INFO - 
================================================================================
DAG File Processing Stats

File Path                              PID  Runtime      # DAGs    # Errors  Last Runtime    Last Run
-----------------------------------  -----  ---------  --------  ----------  --------------  -------------------
/opt/airflow/dags/etl_city_pulse.py    191  0.01s             1           0  0.12s           2026-02-10T12:30:55
================================================================================
[2026-02-10T12:31:56.058+0000] {manager.py:879} INFO - 
================================================================================
DAG File Processing Stats

File Path                            PID    Runtime      # DAGs    # Errors  Last Runtime    Last Run
-----------------------------------  -----  ---------  --------  ----------  --------------  -------------------
/opt/airflow/dags/etl_city_pulse.py                           1           0  0.25s           2026-02-10T12:31:26
================================================================================
[2026-02-10T12:32:26.519+0000] {manager.py:879} INFO - 
================================================================================
DAG File Processing Stats

File Path                              PID  Runtime      # DAGs    # Errors  Last Runtime    Last Run
-----------------------------------  -----  ---------  --------  ----------  --------------  -------------------
/opt/airflow/dags/etl_city_pulse.py    201  0.00s             1           0  0.19s           2026-02-10T12:31:56
================================================================================
[2026-02-10T12:32:56.780+0000] {manager.py:879} INFO - 
================================================================================
DAG File Processing Stats

File Path                              PID  Runtime      # DAGs    # Errors  Last Runtime    Last Run
-----------------------------------  -----  ---------  --------  ----------  --------------  -------------------
/opt/airflow/dags/etl_city_pulse.py    206  0.01s             1           0  0.12s           2026-02-10T12:32:26
================================================================================
[2026-02-10T12:33:27.054+0000] {manager.py:879} INFO - 
================================================================================
DAG File Processing Stats

File Path                              PID  Runtime      # DAGs    # Errors  Last Runtime    Last Run
-----------------------------------  -----  ---------  --------  ----------  --------------  -------------------
/opt/airflow/dags/etl_city_pulse.py    211  0.00s             1           0  0.15s           2026-02-10T12:32:56
================================================================================
[2026-02-10T12:33:57.369+0000] {manager.py:879} INFO - 
================================================================================
DAG File Processing Stats

File Path                              PID  Runtime      # DAGs    # Errors  Last Runtime    Last Run
-----------------------------------  -----  ---------  --------  ----------  --------------  -------------------
/opt/airflow/dags/etl_city_pulse.py    216  0.00s             1           0  0.11s           2026-02-10T12:33:27
================================================================================
[2026-02-10T12:34:25.557+0000] {manager.py:738} INFO - Searching for files in /opt/airflow/dags
[2026-02-10T12:34:25.572+0000] {manager.py:741} INFO - There are 1 files in /opt/airflow/dags
[2026-02-10T12:34:27.608+0000] {manager.py:879} INFO - 
================================================================================
DAG File Processing Stats

File Path                              PID  Runtime      # DAGs    # Errors  Last Runtime    Last Run
-----------------------------------  -----  ---------  --------  ----------  --------------  -------------------
/opt/airflow/dags/etl_city_pulse.py    221  0.00s             1           0  0.12s           2026-02-10T12:33:57
================================================================================
[2026-02-10T12:34:57.960+0000] {manager.py:879} INFO - 
================================================================================
DAG File Processing Stats

File Path                              PID  Runtime      # DAGs    # Errors  Last Runtime    Last Run
-----------------------------------  -----  ---------  --------  ----------  --------------  -------------------
/opt/airflow/dags/etl_city_pulse.py    226  0.01s             1           0  0.12s           2026-02-10T12:34:27
================================================================================
[2026-02-10T12:35:28.261+0000] {manager.py:879} INFO - 
================================================================================
DAG File Processing Stats

File Path                              PID  Runtime      # DAGs    # Errors  Last Runtime    Last Run
-----------------------------------  -----  ---------  --------  ----------  --------------  -------------------
/opt/airflow/dags/etl_city_pulse.py    231  0.01s             1           0  0.12s           2026-02-10T12:34:58
================================================================================
[2026-02-10T12:35:58.594+0000] {manager.py:879} INFO - 
================================================================================
DAG File Processing Stats

File Path                              PID  Runtime      # DAGs    # Errors  Last Runtime    Last Run
-----------------------------------  -----  ---------  --------  ----------  --------------  -------------------
/opt/airflow/dags/etl_city_pulse.py    236  0.01s             1           0  0.16s           2026-02-10T12:35:28
================================================================================
[2026-02-10T12:36:28.928+0000] {manager.py:879} INFO - 
================================================================================
DAG File Processing Stats

File Path                              PID  Runtime      # DAGs    # Errors  Last Runtime    Last Run
-----------------------------------  -----  ---------  --------  ----------  --------------  -------------------
/opt/airflow/dags/etl_city_pulse.py    241  0.01s             1           0  0.12s           2026-02-10T12:35:58
================================================================================
[2026-02-10T12:36:59.262+0000] {manager.py:879} INFO - 
================================================================================
DAG File Processing Stats

File Path                              PID  Runtime      # DAGs    # Errors  Last Runtime    Last Run
-----------------------------------  -----  ---------  --------  ----------  --------------  -------------------
/opt/airflow/dags/etl_city_pulse.py    246  0.01s             1           0  0.12s           2026-02-10T12:36:29
================================================================================
[2026-02-10T12:37:29.610+0000] {manager.py:879} INFO - 
================================================================================
DAG File Processing Stats

File Path                              PID  Runtime      # DAGs    # Errors  Last Runtime    Last Run
-----------------------------------  -----  ---------  --------  ----------  --------------  -------------------
/opt/airflow/dags/etl_city_pulse.py    251  0.00s             1           0  0.12s           2026-02-10T12:36:59
================================================================================
[2026-02-10T12:37:59.853+0000] {manager.py:879} INFO - 
================================================================================
DAG File Processing Stats

File Path                              PID  Runtime      # DAGs    # Errors  Last Runtime    Last Run
-----------------------------------  -----  ---------  --------  ----------  --------------  -------------------
/opt/airflow/dags/etl_city_pulse.py    256  0.00s             1           0  0.11s           2026-02-10T12:37:29
================================================================================
[2026-02-10T12:38:30.142+0000] {manager.py:879} INFO - 
================================================================================
DAG File Processing Stats

File Path                              PID  Runtime      # DAGs    # Errors  Last Runtime    Last Run
-----------------------------------  -----  ---------  --------  ----------  --------------  -------------------
/opt/airflow/dags/etl_city_pulse.py    261  0.00s             1           0  0.14s           2026-02-10T12:37:59
================================================================================
[2026-02-10T12:39:00.430+0000] {manager.py:879} INFO - 
================================================================================
DAG File Processing Stats

File Path                              PID  Runtime      # DAGs    # Errors  Last Runtime    Last Run
-----------------------------------  -----  ---------  --------  ----------  --------------  -------------------
/opt/airflow/dags/etl_city_pulse.py    266  0.01s             1           0  0.12s           2026-02-10T12:38:30
================================================================================
[2026-02-10T12:39:25.609+0000] {manager.py:738} INFO - Searching for files in /opt/airflow/dags
[2026-02-10T12:39:25.620+0000] {manager.py:741} INFO - There are 1 files in /opt/airflow/dags
[2026-02-10T12:39:30.671+0000] {manager.py:879} INFO - 
================================================================================
DAG File Processing Stats

File Path                              PID  Runtime      # DAGs    # Errors  Last Runtime    Last Run
-----------------------------------  -----  ---------  --------  ----------  --------------  -------------------
/opt/airflow/dags/etl_city_pulse.py    271  0.01s             1           0  0.19s           2026-02-10T12:39:00
================================================================================
[2026-02-10T12:40:00.997+0000] {manager.py:879} INFO - 
================================================================================
DAG File Processing Stats

File Path                              PID  Runtime      # DAGs    # Errors  Last Runtime    Last Run
-----------------------------------  -----  ---------  --------  ----------  --------------  -------------------
/opt/airflow/dags/etl_city_pulse.py    276  0.00s             1           0  0.15s           2026-02-10T12:39:30
================================================================================
[2026-02-10T12:40:31.305+0000] {manager.py:879} INFO - 
================================================================================
DAG File Processing Stats

File Path                              PID  Runtime      # DAGs    # Errors  Last Runtime    Last Run
-----------------------------------  -----  ---------  --------  ----------  --------------  -------------------
/opt/airflow/dags/etl_city_pulse.py    281  0.01s             1           0  0.12s           2026-02-10T12:40:01
================================================================================
[2026-02-10T12:41:01.675+0000] {manager.py:879} INFO - 
================================================================================
DAG File Processing Stats

File Path                              PID  Runtime      # DAGs    # Errors  Last Runtime    Last Run
-----------------------------------  -----  ---------  --------  ----------  --------------  -------------------
/opt/airflow/dags/etl_city_pulse.py    286  0.01s             1           0  0.13s           2026-02-10T12:40:31
================================================================================
[2026-02-10T12:41:31.971+0000] {manager.py:879} INFO - 
================================================================================
DAG File Processing Stats

File Path                              PID  Runtime      # DAGs    # Errors  Last Runtime    Last Run
-----------------------------------  -----  ---------  --------  ----------  --------------  -------------------
/opt/airflow/dags/etl_city_pulse.py    291  0.01s             1           0  0.15s           2026-02-10T12:41:01
================================================================================
[2026-02-10T12:42:02.331+0000] {manager.py:879} INFO - 
================================================================================
DAG File Processing Stats

File Path                              PID  Runtime      # DAGs    # Errors  Last Runtime    Last Run
-----------------------------------  -----  ---------  --------  ----------  --------------  -------------------
/opt/airflow/dags/etl_city_pulse.py    296  0.00s             1           0  0.12s           2026-02-10T12:41:32
================================================================================
[2026-02-10T12:42:32.620+0000] {manager.py:879} INFO - 
================================================================================
DAG File Processing Stats

File Path                              PID  Runtime      # DAGs    # Errors  Last Runtime    Last Run
-----------------------------------  -----  ---------  --------  ----------  --------------  -------------------
/opt/airflow/dags/etl_city_pulse.py    301  0.01s             1           0  0.12s           2026-02-10T12:42:02
================================================================================
[2026-02-10T12:43:02.959+0000] {manager.py:879} INFO - 
================================================================================
DAG File Processing Stats

File Path                              PID  Runtime      # DAGs    # Errors  Last Runtime    Last Run
-----------------------------------  -----  ---------  --------  ----------  --------------  -------------------
/opt/airflow/dags/etl_city_pulse.py    306  0.01s             1           0  0.13s           2026-02-10T12:42:32
================================================================================
[2026-02-10T12:43:33.221+0000] {manager.py:879} INFO - 
================================================================================
DAG File Processing Stats

File Path                              PID  Runtime      # DAGs    # Errors  Last Runtime    Last Run
-----------------------------------  -----  ---------  --------  ----------  --------------  -------------------
/opt/airflow/dags/etl_city_pulse.py    311  0.00s             1           0  0.12s           2026-02-10T12:43:03
================================================================================
[2026-02-10T12:44:03.542+0000] {manager.py:879} INFO - 
================================================================================
DAG File Processing Stats

File Path                              PID  Runtime      # DAGs    # Errors  Last Runtime    Last Run
-----------------------------------  -----  ---------  --------  ----------  --------------  -------------------
/opt/airflow/dags/etl_city_pulse.py    316  0.01s             1           0  0.13s           2026-02-10T12:43:33
================================================================================
[2026-02-10T12:44:25.778+0000] {manager.py:738} INFO - Searching for files in /opt/airflow/dags
[2026-02-10T12:44:25.797+0000] {manager.py:741} INFO - There are 1 files in /opt/airflow/dags
[2026-02-10T12:44:33.865+0000] {manager.py:879} INFO - 
================================================================================
DAG File Processing Stats

File Path                              PID  Runtime      # DAGs    # Errors  Last Runtime    Last Run
-----------------------------------  -----  ---------  --------  ----------  --------------  -------------------
/opt/airflow/dags/etl_city_pulse.py    321  0.00s             1           0  0.12s           2026-02-10T12:44:03
================================================================================
[2026-02-10T12:45:04.098+0000] {manager.py:879} INFO - 
================================================================================
DAG File Processing Stats

File Path                              PID  Runtime      # DAGs    # Errors  Last Runtime    Last Run
-----------------------------------  -----  ---------  --------  ----------  --------------  -------------------
/opt/airflow/dags/etl_city_pulse.py    326  0.01s             1           0  0.13s           2026-02-10T12:44:33
================================================================================
[2026-02-10T12:45:34.411+0000] {manager.py:879} INFO - 
================================================================================
DAG File Processing Stats

File Path                              PID  Runtime      # DAGs    # Errors  Last Runtime    Last Run
-----------------------------------  -----  ---------  --------  ----------  --------------  -------------------
/opt/airflow/dags/etl_city_pulse.py    331  0.00s             1           0  0.16s           2026-02-10T12:45:04
================================================================================
[2026-02-10T12:46:04.684+0000] {manager.py:879} INFO - 
================================================================================
DAG File Processing Stats

File Path                              PID  Runtime      # DAGs    # Errors  Last Runtime    Last Run
-----------------------------------  -----  ---------  --------  ----------  --------------  -------------------
/opt/airflow/dags/etl_city_pulse.py    336  0.01s             1           0  0.12s           2026-02-10T12:45:34
================================================================================
[2026-02-10T12:46:34.983+0000] {manager.py:879} INFO - 
================================================================================
DAG File Processing Stats

File Path                              PID  Runtime      # DAGs    # Errors  Last Runtime    Last Run
-----------------------------------  -----  ---------  --------  ----------  --------------  -------------------
/opt/airflow/dags/etl_city_pulse.py    341  0.01s             1           0  0.20s           2026-02-10T12:46:04
================================================================================
[2026-02-10T12:47:05.392+0000] {manager.py:879} INFO - 
================================================================================
DAG File Processing Stats

File Path                              PID  Runtime      # DAGs    # Errors  Last Runtime    Last Run
-----------------------------------  -----  ---------  --------  ----------  --------------  -------------------
/opt/airflow/dags/etl_city_pulse.py    346  0.01s             1           0  0.15s           2026-02-10T12:46:35
================================================================================
[2026-02-10T12:47:35.720+0000] {manager.py:879} INFO - 
================================================================================
DAG File Processing Stats

File Path                              PID  Runtime      # DAGs    # Errors  Last Runtime    Last Run
-----------------------------------  -----  ---------  --------  ----------  --------------  -------------------
/opt/airflow/dags/etl_city_pulse.py    351  0.01s             1           0  0.12s           2026-02-10T12:47:05
================================================================================
[2026-02-10T12:48:06.075+0000] {manager.py:879} INFO - 
================================================================================
DAG File Processing Stats

File Path                              PID  Runtime      # DAGs    # Errors  Last Runtime    Last Run
-----------------------------------  -----  ---------  --------  ----------  --------------  -------------------
/opt/airflow/dags/etl_city_pulse.py    356  0.01s             1           0  0.15s           2026-02-10T12:47:35
================================================================================
[2026-02-10T12:48:36.379+0000] {manager.py:879} INFO - 
================================================================================
DAG File Processing Stats

File Path                              PID  Runtime      # DAGs    # Errors  Last Runtime    Last Run
-----------------------------------  -----  ---------  --------  ----------  --------------  -------------------
/opt/airflow/dags/etl_city_pulse.py    361  0.00s             1           0  0.11s           2026-02-10T12:48:06
================================================================================
[2026-02-10T12:49:06.649+0000] {manager.py:879} INFO - 
================================================================================
DAG File Processing Stats

File Path                              PID  Runtime      # DAGs    # Errors  Last Runtime    Last Run
-----------------------------------  -----  ---------  --------  ----------  --------------  -------------------
/opt/airflow/dags/etl_city_pulse.py    366  0.01s             1           0  0.13s           2026-02-10T12:48:36
================================================================================
[2026-02-10T12:49:25.826+0000] {manager.py:738} INFO - Searching for files in /opt/airflow/dags
[2026-02-10T12:49:25.846+0000] {manager.py:741} INFO - There are 1 files in /opt/airflow/dags
[2026-02-10T12:49:36.945+0000] {manager.py:879} INFO - 
================================================================================
DAG File Processing Stats

File Path                              PID  Runtime      # DAGs    # Errors  Last Runtime    Last Run
-----------------------------------  -----  ---------  --------  ----------  --------------  -------------------
/opt/airflow/dags/etl_city_pulse.py    371  0.01s             1           0  0.13s           2026-02-10T12:49:06
================================================================================
[2026-02-10T12:50:07.250+0000] {manager.py:879} INFO - 
================================================================================
DAG File Processing Stats

File Path                              PID  Runtime      # DAGs    # Errors  Last Runtime    Last Run
-----------------------------------  -----  ---------  --------  ----------  --------------  -------------------
/opt/airflow/dags/etl_city_pulse.py    376  0.01s             1           0  0.16s           2026-02-10T12:49:37
================================================================================
[2026-02-10T12:50:37.560+0000] {manager.py:879} INFO - 
================================================================================
DAG File Processing Stats

File Path                              PID  Runtime      # DAGs    # Errors  Last Runtime    Last Run
-----------------------------------  -----  ---------  --------  ----------  --------------  -------------------
/opt/airflow/dags/etl_city_pulse.py    381  0.00s             1           0  0.11s           2026-02-10T12:50:07
================================================================================
[2026-02-10T12:51:07.813+0000] {manager.py:879} INFO - 
================================================================================
DAG File Processing Stats

File Path                              PID  Runtime      # DAGs    # Errors  Last Runtime    Last Run
-----------------------------------  -----  ---------  --------  ----------  --------------  -------------------
/opt/airflow/dags/etl_city_pulse.py    386  0.01s             1           0  0.12s           2026-02-10T12:50:37
================================================================================
[2026-02-10T12:51:38.191+0000] {manager.py:879} INFO - 
================================================================================
DAG File Processing Stats

File Path                              PID  Runtime      # DAGs    # Errors  Last Runtime    Last Run
-----------------------------------  -----  ---------  --------  ----------  --------------  -------------------
/opt/airflow/dags/etl_city_pulse.py    391  0.00s             1           0  0.14s           2026-02-10T12:51:07
================================================================================
[2026-02-10T12:52:08.443+0000] {manager.py:879} INFO - 
================================================================================
DAG File Processing Stats

File Path                              PID  Runtime      # DAGs    # Errors  Last Runtime    Last Run
-----------------------------------  -----  ---------  --------  ----------  --------------  -------------------
/opt/airflow/dags/etl_city_pulse.py    396  0.01s             1           0  0.13s           2026-02-10T12:51:38
================================================================================
[2026-02-10T12:52:38.768+0000] {manager.py:879} INFO - 
================================================================================
DAG File Processing Stats

File Path                              PID  Runtime      # DAGs    # Errors  Last Runtime    Last Run
-----------------------------------  -----  ---------  --------  ----------  --------------  -------------------
/opt/airflow/dags/etl_city_pulse.py    401  0.01s             1           0  0.13s           2026-02-10T12:52:08
================================================================================
[2026-02-10T12:53:09.067+0000] {manager.py:879} INFO - 
================================================================================
DAG File Processing Stats

File Path                              PID  Runtime      # DAGs    # Errors  Last Runtime    Last Run
-----------------------------------  -----  ---------  --------  ----------  --------------  -------------------
/opt/airflow/dags/etl_city_pulse.py    406  0.00s             1           0  0.13s           2026-02-10T12:52:38
================================================================================
[2026-02-10T12:53:39.353+0000] {manager.py:879} INFO - 
================================================================================
DAG File Processing Stats

File Path                              PID  Runtime      # DAGs    # Errors  Last Runtime    Last Run
-----------------------------------  -----  ---------  --------  ----------  --------------  -------------------
/opt/airflow/dags/etl_city_pulse.py    411  0.00s             1           0  0.14s           2026-02-10T12:53:09
================================================================================
[2026-02-10T12:54:09.650+0000] {manager.py:879} INFO - 
================================================================================
DAG File Processing Stats

File Path                              PID  Runtime      # DAGs    # Errors  Last Runtime    Last Run
-----------------------------------  -----  ---------  --------  ----------  --------------  -------------------
/opt/airflow/dags/etl_city_pulse.py    416  0.01s             1           0  0.16s           2026-02-10T12:53:39
================================================================================
[2026-02-10T12:54:25.877+0000] {manager.py:738} INFO - Searching for files in /opt/airflow/dags
[2026-02-10T12:54:25.894+0000] {manager.py:741} INFO - There are 1 files in /opt/airflow/dags
[2026-02-10T12:54:40.050+0000] {manager.py:879} INFO - 
================================================================================
DAG File Processing Stats

File Path                              PID  Runtime      # DAGs    # Errors  Last Runtime    Last Run
-----------------------------------  -----  ---------  --------  ----------  --------------  -------------------
/opt/airflow/dags/etl_city_pulse.py    421  0.00s             1           0  0.12s           2026-02-10T12:54:09
================================================================================
[2026-02-10T12:55:10.339+0000] {manager.py:879} INFO - 
================================================================================
DAG File Processing Stats

File Path                              PID  Runtime      # DAGs    # Errors  Last Runtime    Last Run
-----------------------------------  -----  ---------  --------  ----------  --------------  -------------------
/opt/airflow/dags/etl_city_pulse.py    426  0.01s             1           0  0.11s           2026-02-10T12:54:40
================================================================================
[2026-02-10T12:55:40.616+0000] {manager.py:879} INFO - 
================================================================================
DAG File Processing Stats

File Path                              PID  Runtime      # DAGs    # Errors  Last Runtime    Last Run
-----------------------------------  -----  ---------  --------  ----------  --------------  -------------------
/opt/airflow/dags/etl_city_pulse.py    431  0.01s             1           0  0.13s           2026-02-10T12:55:10
================================================================================
[2026-02-10T12:56:10.917+0000] {manager.py:879} INFO - 
================================================================================
DAG File Processing Stats

File Path                              PID  Runtime      # DAGs    # Errors  Last Runtime    Last Run
-----------------------------------  -----  ---------  --------  ----------  --------------  -------------------
/opt/airflow/dags/etl_city_pulse.py    436  0.01s             1           0  0.11s           2026-02-10T12:55:40
================================================================================
[2026-02-10T12:56:41.279+0000] {manager.py:879} INFO - 
================================================================================
DAG File Processing Stats

File Path                              PID  Runtime      # DAGs    # Errors  Last Runtime    Last Run
-----------------------------------  -----  ---------  --------  ----------  --------------  -------------------
/opt/airflow/dags/etl_city_pulse.py    441  0.00s             1           0  0.13s           2026-02-10T12:56:11
================================================================================
[2026-02-10T12:57:11.653+0000] {manager.py:879} INFO - 
================================================================================
DAG File Processing Stats

File Path                              PID  Runtime      # DAGs    # Errors  Last Runtime    Last Run
-----------------------------------  -----  ---------  --------  ----------  --------------  -------------------
/opt/airflow/dags/etl_city_pulse.py    446  0.01s             1           0  0.12s           2026-02-10T12:56:41
================================================================================
[2026-02-10T12:57:41.941+0000] {manager.py:879} INFO - 
================================================================================
DAG File Processing Stats

File Path                              PID  Runtime      # DAGs    # Errors  Last Runtime    Last Run
-----------------------------------  -----  ---------  --------  ----------  --------------  -------------------
/opt/airflow/dags/etl_city_pulse.py    451  0.01s             1           0  0.12s           2026-02-10T12:57:11
================================================================================
[2026-02-10T12:58:12.235+0000] {manager.py:879} INFO - 
================================================================================
DAG File Processing Stats

File Path                              PID  Runtime      # DAGs    # Errors  Last Runtime    Last Run
-----------------------------------  -----  ---------  --------  ----------  --------------  -------------------
/opt/airflow/dags/etl_city_pulse.py    456  0.01s             1           0  0.15s           2026-02-10T12:57:42
================================================================================
[2026-02-10T12:58:42.481+0000] {manager.py:879} INFO - 
================================================================================
DAG File Processing Stats

File Path                              PID  Runtime      # DAGs    # Errors  Last Runtime    Last Run
-----------------------------------  -----  ---------  --------  ----------  --------------  -------------------
/opt/airflow/dags/etl_city_pulse.py    461  0.00s             1           0  0.12s           2026-02-10T12:58:12
================================================================================
[2026-02-10T12:59:12.731+0000] {manager.py:879} INFO - 
================================================================================
DAG File Processing Stats

File Path                              PID  Runtime      # DAGs    # Errors  Last Runtime    Last Run
-----------------------------------  -----  ---------  --------  ----------  --------------  -------------------
/opt/airflow/dags/etl_city_pulse.py    466  0.00s             1           0  0.12s           2026-02-10T12:58:42
================================================================================
[2026-02-10T12:59:25.911+0000] {manager.py:738} INFO - Searching for files in /opt/airflow/dags
[2026-02-10T12:59:25.945+0000] {manager.py:741} INFO - There are 1 files in /opt/airflow/dags
[2026-02-10T12:59:43.133+0000] {manager.py:879} INFO - 
================================================================================
DAG File Processing Stats

File Path                              PID  Runtime      # DAGs    # Errors  Last Runtime    Last Run
-----------------------------------  -----  ---------  --------  ----------  --------------  -------------------
/opt/airflow/dags/etl_city_pulse.py    471  0.01s             1           0  0.11s           2026-02-10T12:59:12
================================================================================
[2026-02-10T13:00:13.421+0000] {manager.py:879} INFO - 
================================================================================
DAG File Processing Stats

File Path                              PID  Runtime      # DAGs    # Errors  Last Runtime    Last Run
-----------------------------------  -----  ---------  --------  ----------  --------------  -------------------
/opt/airflow/dags/etl_city_pulse.py    534  0.00s             1           0  0.13s           2026-02-10T12:59:43
================================================================================
[2026-02-10T13:00:43.799+0000] {manager.py:879} INFO - 
================================================================================
DAG File Processing Stats

File Path                              PID  Runtime      # DAGs    # Errors  Last Runtime    Last Run
-----------------------------------  -----  ---------  --------  ----------  --------------  -------------------
/opt/airflow/dags/etl_city_pulse.py    539  0.01s             1           0  0.13s           2026-02-10T13:00:13
================================================================================
[2026-02-10T13:01:14.078+0000] {manager.py:879} INFO - 
================================================================================
DAG File Processing Stats

File Path                              PID  Runtime      # DAGs    # Errors  Last Runtime    Last Run
-----------------------------------  -----  ---------  --------  ----------  --------------  -------------------
/opt/airflow/dags/etl_city_pulse.py    544  0.01s             1           0  0.13s           2026-02-10T13:00:43
================================================================================
[2026-02-10T13:01:44.377+0000] {manager.py:879} INFO - 
================================================================================
DAG File Processing Stats

File Path                              PID  Runtime      # DAGs    # Errors  Last Runtime    Last Run
-----------------------------------  -----  ---------  --------  ----------  --------------  -------------------
/opt/airflow/dags/etl_city_pulse.py    549  0.00s             1           0  0.12s           2026-02-10T13:01:14
================================================================================
[2026-02-10T13:02:14.637+0000] {manager.py:879} INFO - 
================================================================================
DAG File Processing Stats

File Path                              PID  Runtime      # DAGs    # Errors  Last Runtime    Last Run
-----------------------------------  -----  ---------  --------  ----------  --------------  -------------------
/opt/airflow/dags/etl_city_pulse.py    558  0.01s             1           0  0.14s           2026-02-10T13:01:44
================================================================================
[2026-02-10T13:02:45.055+0000] {manager.py:879} INFO - 
================================================================================
DAG File Processing Stats

File Path                              PID  Runtime      # DAGs    # Errors  Last Runtime    Last Run
-----------------------------------  -----  ---------  --------  ----------  --------------  -------------------
/opt/airflow/dags/etl_city_pulse.py    563  0.01s             1           0  0.13s           2026-02-10T13:02:14
================================================================================
[2026-02-10T13:03:15.340+0000] {manager.py:879} INFO - 
================================================================================
DAG File Processing Stats

File Path                              PID  Runtime      # DAGs    # Errors  Last Runtime    Last Run
-----------------------------------  -----  ---------  --------  ----------  --------------  -------------------
/opt/airflow/dags/etl_city_pulse.py    568  0.01s             1           0  0.13s           2026-02-10T13:02:45
================================================================================
[2026-02-10T13:03:45.640+0000] {manager.py:879} INFO - 
================================================================================
DAG File Processing Stats

File Path                              PID  Runtime      # DAGs    # Errors  Last Runtime    Last Run
-----------------------------------  -----  ---------  --------  ----------  --------------  -------------------
/opt/airflow/dags/etl_city_pulse.py    573  0.00s             1           0  0.13s           2026-02-10T13:03:15
================================================================================
[2026-02-10T13:04:15.917+0000] {manager.py:879} INFO - 
================================================================================
DAG File Processing Stats

File Path                              PID  Runtime      # DAGs    # Errors  Last Runtime    Last Run
-----------------------------------  -----  ---------  --------  ----------  --------------  -------------------
/opt/airflow/dags/etl_city_pulse.py    578  0.01s             1           0  0.23s           2026-02-10T13:03:45
================================================================================
[2026-02-10T13:04:26.005+0000] {manager.py:738} INFO - Searching for files in /opt/airflow/dags
[2026-02-10T13:04:26.019+0000] {manager.py:741} INFO - There are 1 files in /opt/airflow/dags
[2026-02-10T13:04:46.236+0000] {manager.py:879} INFO - 
================================================================================
DAG File Processing Stats

File Path                              PID  Runtime      # DAGs    # Errors  Last Runtime    Last Run
-----------------------------------  -----  ---------  --------  ----------  --------------  -------------------
/opt/airflow/dags/etl_city_pulse.py    583  0.01s             1           0  0.12s           2026-02-10T13:04:16
================================================================================
[2026-02-10T13:05:16.589+0000] {manager.py:879} INFO - 
================================================================================
DAG File Processing Stats

File Path                              PID  Runtime      # DAGs    # Errors  Last Runtime    Last Run
-----------------------------------  -----  ---------  --------  ----------  --------------  -------------------
/opt/airflow/dags/etl_city_pulse.py    588  0.00s             1           0  0.12s           2026-02-10T13:04:46
================================================================================
[2026-02-10T13:05:46.843+0000] {manager.py:879} INFO - 
================================================================================
DAG File Processing Stats

File Path                              PID  Runtime      # DAGs    # Errors  Last Runtime    Last Run
-----------------------------------  -----  ---------  --------  ----------  --------------  -------------------
/opt/airflow/dags/etl_city_pulse.py    593  0.01s             1           0  0.11s           2026-02-10T13:05:16
================================================================================
[2026-02-10T13:06:17.278+0000] {manager.py:879} INFO - 
================================================================================
DAG File Processing Stats

File Path                              PID  Runtime      # DAGs    # Errors  Last Runtime    Last Run
-----------------------------------  -----  ---------  --------  ----------  --------------  -------------------
/opt/airflow/dags/etl_city_pulse.py    598  0.01s             1           0  0.19s           2026-02-10T13:05:47
================================================================================
[2026-02-10T13:06:47.724+0000] {manager.py:879} INFO - 
================================================================================
DAG File Processing Stats

File Path                              PID  Runtime      # DAGs    # Errors  Last Runtime    Last Run
-----------------------------------  -----  ---------  --------  ----------  --------------  -------------------
/opt/airflow/dags/etl_city_pulse.py    603  0.01s             1           0  0.13s           2026-02-10T13:06:17
================================================================================
[2026-02-10T13:07:18.078+0000] {manager.py:879} INFO - 
================================================================================
DAG File Processing Stats

File Path                              PID  Runtime      # DAGs    # Errors  Last Runtime    Last Run
-----------------------------------  -----  ---------  --------  ----------  --------------  -------------------
/opt/airflow/dags/etl_city_pulse.py    608  0.01s             1           0  0.17s           2026-02-10T13:06:47
================================================================================
[2026-02-10T13:07:48.567+0000] {manager.py:879} INFO - 
================================================================================
DAG File Processing Stats

File Path                              PID  Runtime      # DAGs    # Errors  Last Runtime    Last Run
-----------------------------------  -----  ---------  --------  ----------  --------------  -------------------
/opt/airflow/dags/etl_city_pulse.py    613  0.01s             1           0  0.14s           2026-02-10T13:07:18
================================================================================
[2026-02-10T13:08:18.832+0000] {manager.py:879} INFO - 
================================================================================
DAG File Processing Stats

File Path                              PID  Runtime      # DAGs    # Errors  Last Runtime    Last Run
-----------------------------------  -----  ---------  --------  ----------  --------------  -------------------
/opt/airflow/dags/etl_city_pulse.py    618  0.01s             1           0  0.15s           2026-02-10T13:07:48
================================================================================
[2026-02-10T13:08:49.120+0000] {manager.py:879} INFO - 
================================================================================
DAG File Processing Stats

File Path                              PID  Runtime      # DAGs    # Errors  Last Runtime    Last Run
-----------------------------------  -----  ---------  --------  ----------  --------------  -------------------
/opt/airflow/dags/etl_city_pulse.py    623  0.01s             1           0  0.16s           2026-02-10T13:08:18
================================================================================
[2026-02-10T13:09:19.470+0000] {manager.py:879} INFO - 
================================================================================
DAG File Processing Stats

File Path                            PID    Runtime      # DAGs    # Errors  Last Runtime    Last Run
-----------------------------------  -----  ---------  --------  ----------  --------------  -------------------
/opt/airflow/dags/etl_city_pulse.py                           1           0  0.22s           2026-02-10T13:09:10
================================================================================
[2026-02-10T13:09:21.499+0000] {manager.py:451} INFO - Exiting gracefully upon receiving signal 15
