[2026-02-10T12:19:46.254+0000] {taskinstance.py:1956} INFO - Dependencies all met for dep_context=non-requeueable deps ti=<TaskInstance: etl_city_pulse.transform_bikes scheduled__2026-02-10T11:00:00+00:00 [queued]>
[2026-02-10T12:19:46.264+0000] {taskinstance.py:1956} INFO - Dependencies all met for dep_context=requeueable deps ti=<TaskInstance: etl_city_pulse.transform_bikes scheduled__2026-02-10T11:00:00+00:00 [queued]>
[2026-02-10T12:19:46.265+0000] {taskinstance.py:2170} INFO - Starting attempt 2 of 2
[2026-02-10T12:19:46.280+0000] {taskinstance.py:2191} INFO - Executing <Task(BashOperator): transform_bikes> on 2026-02-10 11:00:00+00:00
[2026-02-10T12:19:46.283+0000] {standard_task_runner.py:60} INFO - Started process 350 to run task
[2026-02-10T12:19:46.289+0000] {standard_task_runner.py:87} INFO - Running: ['airflow', 'tasks', 'run', 'etl_city_pulse', 'transform_bikes', 'scheduled__2026-02-10T11:00:00+00:00', '--job-id', '12', '--raw', '--subdir', 'DAGS_FOLDER/etl_city_pulse.py', '--cfg-path', '/tmp/tmp2t5mz2_b']
[2026-02-10T12:19:46.291+0000] {standard_task_runner.py:88} INFO - Job 12: Subtask transform_bikes
[2026-02-10T12:19:46.349+0000] {task_command.py:423} INFO - Running <TaskInstance: etl_city_pulse.transform_bikes scheduled__2026-02-10T11:00:00+00:00 [running]> on host 4a7f0c581345
[2026-02-10T12:19:46.430+0000] {taskinstance.py:2480} INFO - Exporting env vars: AIRFLOW_CTX_DAG_OWNER='hbibi' AIRFLOW_CTX_DAG_ID='etl_city_pulse' AIRFLOW_CTX_TASK_ID='transform_bikes' AIRFLOW_CTX_EXECUTION_DATE='2026-02-10T11:00:00+00:00' AIRFLOW_CTX_TRY_NUMBER='2' AIRFLOW_CTX_DAG_RUN_ID='scheduled__2026-02-10T11:00:00+00:00'
[2026-02-10T12:19:46.431+0000] {subprocess.py:63} INFO - Tmp dir root location: /tmp
[2026-02-10T12:19:46.433+0000] {subprocess.py:75} INFO - Running command: ['/usr/bin/bash', '-c', 'python /opt/airflow/transform/transform_bikes.py']
[2026-02-10T12:19:46.441+0000] {subprocess.py:86} INFO - Output:
[2026-02-10T12:19:46.977+0000] {subprocess.py:93} INFO - Traceback (most recent call last):
[2026-02-10T12:19:46.978+0000] {subprocess.py:93} INFO -   File "/opt/airflow/transform/transform_bikes.py", line 43, in <module>
[2026-02-10T12:19:46.979+0000] {subprocess.py:93} INFO -     main()
[2026-02-10T12:19:46.979+0000] {subprocess.py:93} INFO -   File "/opt/airflow/transform/transform_bikes.py", line 33, in main
[2026-02-10T12:19:46.980+0000] {subprocess.py:93} INFO -     raise FileNotFoundError("Aucun fichier JSON bikes trouvé dans raw_data/bikes")
[2026-02-10T12:19:46.980+0000] {subprocess.py:93} INFO - FileNotFoundError: Aucun fichier JSON bikes trouvé dans raw_data/bikes
[2026-02-10T12:19:47.042+0000] {subprocess.py:97} INFO - Command exited with return code 1
[2026-02-10T12:19:47.058+0000] {taskinstance.py:2698} ERROR - Task failed with exception
Traceback (most recent call last):
  File "/home/airflow/.local/lib/python3.8/site-packages/airflow/models/taskinstance.py", line 433, in _execute_task
    result = execute_callable(context=context, **execute_callable_kwargs)
  File "/home/airflow/.local/lib/python3.8/site-packages/airflow/operators/bash.py", line 212, in execute
    raise AirflowException(
airflow.exceptions.AirflowException: Bash command failed. The command returned a non-zero exit code 1.
[2026-02-10T12:19:47.062+0000] {taskinstance.py:1138} INFO - Marking task as FAILED. dag_id=etl_city_pulse, task_id=transform_bikes, execution_date=20260210T110000, start_date=20260210T121946, end_date=20260210T121947
[2026-02-10T12:19:47.082+0000] {standard_task_runner.py:107} ERROR - Failed to execute job 12 for task transform_bikes (Bash command failed. The command returned a non-zero exit code 1.; 350)
[2026-02-10T12:19:47.102+0000] {local_task_job_runner.py:234} INFO - Task exited with return code 1
[2026-02-10T12:19:47.141+0000] {taskinstance.py:3280} INFO - 0 downstream tasks scheduled from follow-on schedule check
