[2026-02-10T12:17:44.104+0000] {taskinstance.py:1956} INFO - Dependencies all met for dep_context=non-requeueable deps ti=<TaskInstance: etl_city_pulse.transform_bikes scheduled__2026-02-10T11:00:00+00:00 [queued]>
[2026-02-10T12:17:44.134+0000] {taskinstance.py:1956} INFO - Dependencies all met for dep_context=requeueable deps ti=<TaskInstance: etl_city_pulse.transform_bikes scheduled__2026-02-10T11:00:00+00:00 [queued]>
[2026-02-10T12:17:44.135+0000] {taskinstance.py:2170} INFO - Starting attempt 1 of 2
[2026-02-10T12:17:44.172+0000] {taskinstance.py:2191} INFO - Executing <Task(BashOperator): transform_bikes> on 2026-02-10 11:00:00+00:00
[2026-02-10T12:17:44.183+0000] {standard_task_runner.py:60} INFO - Started process 273 to run task
[2026-02-10T12:17:44.189+0000] {standard_task_runner.py:87} INFO - Running: ['airflow', 'tasks', 'run', 'etl_city_pulse', 'transform_bikes', 'scheduled__2026-02-10T11:00:00+00:00', '--job-id', '6', '--raw', '--subdir', 'DAGS_FOLDER/etl_city_pulse.py', '--cfg-path', '/tmp/tmp79w_z25q']
[2026-02-10T12:17:44.192+0000] {standard_task_runner.py:88} INFO - Job 6: Subtask transform_bikes
[2026-02-10T12:17:44.321+0000] {task_command.py:423} INFO - Running <TaskInstance: etl_city_pulse.transform_bikes scheduled__2026-02-10T11:00:00+00:00 [running]> on host 4a7f0c581345
[2026-02-10T12:17:44.516+0000] {taskinstance.py:2480} INFO - Exporting env vars: AIRFLOW_CTX_DAG_OWNER='hbibi' AIRFLOW_CTX_DAG_ID='etl_city_pulse' AIRFLOW_CTX_TASK_ID='transform_bikes' AIRFLOW_CTX_EXECUTION_DATE='2026-02-10T11:00:00+00:00' AIRFLOW_CTX_TRY_NUMBER='1' AIRFLOW_CTX_DAG_RUN_ID='scheduled__2026-02-10T11:00:00+00:00'
[2026-02-10T12:17:44.518+0000] {subprocess.py:63} INFO - Tmp dir root location: /tmp
[2026-02-10T12:17:44.520+0000] {subprocess.py:75} INFO - Running command: ['/usr/bin/bash', '-c', 'python /opt/airflow/transform/transform_bikes.py']
[2026-02-10T12:17:44.531+0000] {subprocess.py:86} INFO - Output:
[2026-02-10T12:17:45.340+0000] {subprocess.py:93} INFO - Traceback (most recent call last):
[2026-02-10T12:17:45.342+0000] {subprocess.py:93} INFO -   File "/opt/airflow/transform/transform_bikes.py", line 43, in <module>
[2026-02-10T12:17:45.343+0000] {subprocess.py:93} INFO -     main()
[2026-02-10T12:17:45.344+0000] {subprocess.py:93} INFO -   File "/opt/airflow/transform/transform_bikes.py", line 33, in main
[2026-02-10T12:17:45.345+0000] {subprocess.py:93} INFO -     raise FileNotFoundError("Aucun fichier JSON bikes trouvé dans raw_data/bikes")
[2026-02-10T12:17:45.347+0000] {subprocess.py:93} INFO - FileNotFoundError: Aucun fichier JSON bikes trouvé dans raw_data/bikes
[2026-02-10T12:17:45.434+0000] {subprocess.py:97} INFO - Command exited with return code 1
[2026-02-10T12:17:45.451+0000] {taskinstance.py:2698} ERROR - Task failed with exception
Traceback (most recent call last):
  File "/home/airflow/.local/lib/python3.8/site-packages/airflow/models/taskinstance.py", line 433, in _execute_task
    result = execute_callable(context=context, **execute_callable_kwargs)
  File "/home/airflow/.local/lib/python3.8/site-packages/airflow/operators/bash.py", line 212, in execute
    raise AirflowException(
airflow.exceptions.AirflowException: Bash command failed. The command returned a non-zero exit code 1.
[2026-02-10T12:17:45.460+0000] {taskinstance.py:1138} INFO - Marking task as UP_FOR_RETRY. dag_id=etl_city_pulse, task_id=transform_bikes, execution_date=20260210T110000, start_date=20260210T121744, end_date=20260210T121745
[2026-02-10T12:17:45.492+0000] {standard_task_runner.py:107} ERROR - Failed to execute job 6 for task transform_bikes (Bash command failed. The command returned a non-zero exit code 1.; 273)
[2026-02-10T12:17:45.537+0000] {local_task_job_runner.py:234} INFO - Task exited with return code 1
[2026-02-10T12:17:45.580+0000] {taskinstance.py:3280} INFO - 0 downstream tasks scheduled from follow-on schedule check
