[2026-02-10T13:17:39.831+0000] {taskinstance.py:1956} INFO - Dependencies all met for dep_context=non-requeueable deps ti=<TaskInstance: etl_city_pulse.build_gold manual__2026-02-10T13:15:32.518639+00:00 [queued]>
[2026-02-10T13:17:39.839+0000] {taskinstance.py:1956} INFO - Dependencies all met for dep_context=requeueable deps ti=<TaskInstance: etl_city_pulse.build_gold manual__2026-02-10T13:15:32.518639+00:00 [queued]>
[2026-02-10T13:17:39.840+0000] {taskinstance.py:2170} INFO - Starting attempt 2 of 2
[2026-02-10T13:17:39.851+0000] {taskinstance.py:2191} INFO - Executing <Task(BashOperator): build_gold> on 2026-02-10 13:15:32.518639+00:00
[2026-02-10T13:17:39.857+0000] {standard_task_runner.py:60} INFO - Started process 477 to run task
[2026-02-10T13:17:39.859+0000] {standard_task_runner.py:87} INFO - Running: ['airflow', 'tasks', 'run', 'etl_city_pulse', 'build_gold', 'manual__2026-02-10T13:15:32.518639+00:00', '--job-id', '52', '--raw', '--subdir', 'DAGS_FOLDER/etl_city_pulse.py', '--cfg-path', '/tmp/tmpt01b1vb0']
[2026-02-10T13:17:39.861+0000] {standard_task_runner.py:88} INFO - Job 52: Subtask build_gold
[2026-02-10T13:17:39.904+0000] {task_command.py:423} INFO - Running <TaskInstance: etl_city_pulse.build_gold manual__2026-02-10T13:15:32.518639+00:00 [running]> on host 4a7f0c581345
[2026-02-10T13:17:39.977+0000] {taskinstance.py:2480} INFO - Exporting env vars: AIRFLOW_CTX_DAG_OWNER='hbibi' AIRFLOW_CTX_DAG_ID='etl_city_pulse' AIRFLOW_CTX_TASK_ID='build_gold' AIRFLOW_CTX_EXECUTION_DATE='2026-02-10T13:15:32.518639+00:00' AIRFLOW_CTX_TRY_NUMBER='2' AIRFLOW_CTX_DAG_RUN_ID='manual__2026-02-10T13:15:32.518639+00:00'
[2026-02-10T13:17:39.979+0000] {subprocess.py:63} INFO - Tmp dir root location: /tmp
[2026-02-10T13:17:39.981+0000] {subprocess.py:75} INFO - Running command: ['/usr/bin/bash', '-c', 'python /opt/airflow/load/build_gold.py']
[2026-02-10T13:17:39.990+0000] {subprocess.py:86} INFO - Output:
[2026-02-10T13:17:40.204+0000] {subprocess.py:93} INFO - Traceback (most recent call last):
[2026-02-10T13:17:40.204+0000] {subprocess.py:93} INFO -   File "/opt/airflow/load/build_gold.py", line 26, in <module>
[2026-02-10T13:17:40.205+0000] {subprocess.py:93} INFO -     main()
[2026-02-10T13:17:40.206+0000] {subprocess.py:93} INFO -   File "/opt/airflow/load/build_gold.py", line 19, in main
[2026-02-10T13:17:40.206+0000] {subprocess.py:93} INFO -     with open(SQL_FILE, "r", encoding="utf-8") as f:
[2026-02-10T13:17:40.207+0000] {subprocess.py:93} INFO - FileNotFoundError: [Errno 2] No such file or directory: 'load/build_gold.sql'
[2026-02-10T13:17:40.226+0000] {subprocess.py:97} INFO - Command exited with return code 1
[2026-02-10T13:17:40.238+0000] {taskinstance.py:2698} ERROR - Task failed with exception
Traceback (most recent call last):
  File "/home/airflow/.local/lib/python3.8/site-packages/airflow/models/taskinstance.py", line 433, in _execute_task
    result = execute_callable(context=context, **execute_callable_kwargs)
  File "/home/airflow/.local/lib/python3.8/site-packages/airflow/operators/bash.py", line 212, in execute
    raise AirflowException(
airflow.exceptions.AirflowException: Bash command failed. The command returned a non-zero exit code 1.
[2026-02-10T13:17:40.243+0000] {taskinstance.py:1138} INFO - Marking task as FAILED. dag_id=etl_city_pulse, task_id=build_gold, execution_date=20260210T131532, start_date=20260210T131739, end_date=20260210T131740
[2026-02-10T13:17:40.259+0000] {standard_task_runner.py:107} ERROR - Failed to execute job 52 for task build_gold (Bash command failed. The command returned a non-zero exit code 1.; 477)
[2026-02-10T13:17:40.274+0000] {local_task_job_runner.py:234} INFO - Task exited with return code 1
[2026-02-10T13:17:40.295+0000] {taskinstance.py:3280} INFO - 0 downstream tasks scheduled from follow-on schedule check
