[2026-02-10T13:18:20.638+0000] {taskinstance.py:1956} INFO - Dependencies all met for dep_context=non-requeueable deps ti=<TaskInstance: etl_city_pulse.build_gold manual__2026-02-10T13:18:14.319671+00:00 [queued]>
[2026-02-10T13:18:20.647+0000] {taskinstance.py:1956} INFO - Dependencies all met for dep_context=requeueable deps ti=<TaskInstance: etl_city_pulse.build_gold manual__2026-02-10T13:18:14.319671+00:00 [queued]>
[2026-02-10T13:18:20.647+0000] {taskinstance.py:2170} INFO - Starting attempt 1 of 2
[2026-02-10T13:18:20.660+0000] {taskinstance.py:2191} INFO - Executing <Task(BashOperator): build_gold> on 2026-02-10 13:18:14.319671+00:00
[2026-02-10T13:18:20.667+0000] {standard_task_runner.py:60} INFO - Started process 544 to run task
[2026-02-10T13:18:20.669+0000] {standard_task_runner.py:87} INFO - Running: ['airflow', 'tasks', 'run', 'etl_city_pulse', 'build_gold', 'manual__2026-02-10T13:18:14.319671+00:00', '--job-id', '59', '--raw', '--subdir', 'DAGS_FOLDER/etl_city_pulse.py', '--cfg-path', '/tmp/tmpulcccjg9']
[2026-02-10T13:18:20.671+0000] {standard_task_runner.py:88} INFO - Job 59: Subtask build_gold
[2026-02-10T13:18:20.721+0000] {task_command.py:423} INFO - Running <TaskInstance: etl_city_pulse.build_gold manual__2026-02-10T13:18:14.319671+00:00 [running]> on host 4a7f0c581345
[2026-02-10T13:18:20.790+0000] {taskinstance.py:2480} INFO - Exporting env vars: AIRFLOW_CTX_DAG_OWNER='hbibi' AIRFLOW_CTX_DAG_ID='etl_city_pulse' AIRFLOW_CTX_TASK_ID='build_gold' AIRFLOW_CTX_EXECUTION_DATE='2026-02-10T13:18:14.319671+00:00' AIRFLOW_CTX_TRY_NUMBER='1' AIRFLOW_CTX_DAG_RUN_ID='manual__2026-02-10T13:18:14.319671+00:00'
[2026-02-10T13:18:20.791+0000] {subprocess.py:63} INFO - Tmp dir root location: /tmp
[2026-02-10T13:18:20.792+0000] {subprocess.py:75} INFO - Running command: ['/usr/bin/bash', '-c', 'python /opt/airflow/load/build_gold.py']
[2026-02-10T13:18:20.801+0000] {subprocess.py:86} INFO - Output:
[2026-02-10T13:18:21.001+0000] {subprocess.py:93} INFO - Traceback (most recent call last):
[2026-02-10T13:18:21.002+0000] {subprocess.py:93} INFO -   File "/opt/airflow/load/build_gold.py", line 26, in <module>
[2026-02-10T13:18:21.002+0000] {subprocess.py:93} INFO -     main()
[2026-02-10T13:18:21.003+0000] {subprocess.py:93} INFO -   File "/opt/airflow/load/build_gold.py", line 19, in main
[2026-02-10T13:18:21.003+0000] {subprocess.py:93} INFO -     with open(SQL_FILE, "r", encoding="utf-8") as f:
[2026-02-10T13:18:21.004+0000] {subprocess.py:93} INFO - FileNotFoundError: [Errno 2] No such file or directory: 'load/build_gold.sql'
[2026-02-10T13:18:21.026+0000] {subprocess.py:97} INFO - Command exited with return code 1
[2026-02-10T13:18:21.037+0000] {taskinstance.py:2698} ERROR - Task failed with exception
Traceback (most recent call last):
  File "/home/airflow/.local/lib/python3.8/site-packages/airflow/models/taskinstance.py", line 433, in _execute_task
    result = execute_callable(context=context, **execute_callable_kwargs)
  File "/home/airflow/.local/lib/python3.8/site-packages/airflow/operators/bash.py", line 212, in execute
    raise AirflowException(
airflow.exceptions.AirflowException: Bash command failed. The command returned a non-zero exit code 1.
[2026-02-10T13:18:21.040+0000] {taskinstance.py:1138} INFO - Marking task as UP_FOR_RETRY. dag_id=etl_city_pulse, task_id=build_gold, execution_date=20260210T131814, start_date=20260210T131820, end_date=20260210T131821
[2026-02-10T13:18:21.057+0000] {standard_task_runner.py:107} ERROR - Failed to execute job 59 for task build_gold (Bash command failed. The command returned a non-zero exit code 1.; 544)
[2026-02-10T13:18:21.083+0000] {local_task_job_runner.py:234} INFO - Task exited with return code 1
[2026-02-10T13:18:21.101+0000] {taskinstance.py:3280} INFO - 0 downstream tasks scheduled from follow-on schedule check
