[2026-02-10T12:17:42.868+0000] {taskinstance.py:1956} INFO - Dependencies all met for dep_context=non-requeueable deps ti=<TaskInstance: etl_city_pulse.transform_weather scheduled__2026-02-10T11:00:00+00:00 [queued]>
[2026-02-10T12:17:42.885+0000] {taskinstance.py:1956} INFO - Dependencies all met for dep_context=requeueable deps ti=<TaskInstance: etl_city_pulse.transform_weather scheduled__2026-02-10T11:00:00+00:00 [queued]>
[2026-02-10T12:17:42.887+0000] {taskinstance.py:2170} INFO - Starting attempt 1 of 2
[2026-02-10T12:17:42.914+0000] {taskinstance.py:2191} INFO - Executing <Task(BashOperator): transform_weather> on 2026-02-10 11:00:00+00:00
[2026-02-10T12:17:42.920+0000] {standard_task_runner.py:60} INFO - Started process 258 to run task
[2026-02-10T12:17:42.925+0000] {standard_task_runner.py:87} INFO - Running: ['airflow', 'tasks', 'run', 'etl_city_pulse', 'transform_weather', 'scheduled__2026-02-10T11:00:00+00:00', '--job-id', '5', '--raw', '--subdir', 'DAGS_FOLDER/etl_city_pulse.py', '--cfg-path', '/tmp/tmpzww3pl4t']
[2026-02-10T12:17:42.928+0000] {standard_task_runner.py:88} INFO - Job 5: Subtask transform_weather
[2026-02-10T12:17:43.031+0000] {task_command.py:423} INFO - Running <TaskInstance: etl_city_pulse.transform_weather scheduled__2026-02-10T11:00:00+00:00 [running]> on host 4a7f0c581345
[2026-02-10T12:17:43.210+0000] {taskinstance.py:2480} INFO - Exporting env vars: AIRFLOW_CTX_DAG_OWNER='hbibi' AIRFLOW_CTX_DAG_ID='etl_city_pulse' AIRFLOW_CTX_TASK_ID='transform_weather' AIRFLOW_CTX_EXECUTION_DATE='2026-02-10T11:00:00+00:00' AIRFLOW_CTX_TRY_NUMBER='1' AIRFLOW_CTX_DAG_RUN_ID='scheduled__2026-02-10T11:00:00+00:00'
[2026-02-10T12:17:43.214+0000] {subprocess.py:63} INFO - Tmp dir root location: /tmp
[2026-02-10T12:17:43.216+0000] {subprocess.py:75} INFO - Running command: ['/usr/bin/bash', '-c', 'python /opt/airflow/transform/transform_weather.py']
[2026-02-10T12:17:43.231+0000] {subprocess.py:86} INFO - Output:
[2026-02-10T12:17:45.218+0000] {subprocess.py:93} INFO - Traceback (most recent call last):
[2026-02-10T12:17:45.219+0000] {subprocess.py:93} INFO -   File "/opt/airflow/transform/transform_weather.py", line 41, in <module>
[2026-02-10T12:17:45.221+0000] {subprocess.py:93} INFO -     main()
[2026-02-10T12:17:45.222+0000] {subprocess.py:93} INFO -   File "/opt/airflow/transform/transform_weather.py", line 27, in main
[2026-02-10T12:17:45.224+0000] {subprocess.py:93} INFO -     raise FileNotFoundError("Aucun fichier JSON weather trouvé dans raw_data/weather")
[2026-02-10T12:17:45.226+0000] {subprocess.py:93} INFO - FileNotFoundError: Aucun fichier JSON weather trouvé dans raw_data/weather
[2026-02-10T12:17:45.331+0000] {subprocess.py:97} INFO - Command exited with return code 1
[2026-02-10T12:17:45.348+0000] {taskinstance.py:2698} ERROR - Task failed with exception
Traceback (most recent call last):
  File "/home/airflow/.local/lib/python3.8/site-packages/airflow/models/taskinstance.py", line 433, in _execute_task
    result = execute_callable(context=context, **execute_callable_kwargs)
  File "/home/airflow/.local/lib/python3.8/site-packages/airflow/operators/bash.py", line 212, in execute
    raise AirflowException(
airflow.exceptions.AirflowException: Bash command failed. The command returned a non-zero exit code 1.
[2026-02-10T12:17:45.353+0000] {taskinstance.py:1138} INFO - Marking task as UP_FOR_RETRY. dag_id=etl_city_pulse, task_id=transform_weather, execution_date=20260210T110000, start_date=20260210T121742, end_date=20260210T121745
[2026-02-10T12:17:45.377+0000] {standard_task_runner.py:107} ERROR - Failed to execute job 5 for task transform_weather (Bash command failed. The command returned a non-zero exit code 1.; 258)
[2026-02-10T12:17:45.403+0000] {local_task_job_runner.py:234} INFO - Task exited with return code 1
[2026-02-10T12:17:45.441+0000] {taskinstance.py:3280} INFO - 0 downstream tasks scheduled from follow-on schedule check
