[2026-02-10T12:19:59.543+0000] {taskinstance.py:1956} INFO - Dependencies all met for dep_context=non-requeueable deps ti=<TaskInstance: etl_city_pulse.transform_bikes manual__2026-02-10T12:17:55.105388+00:00 [queued]>
[2026-02-10T12:19:59.552+0000] {taskinstance.py:1956} INFO - Dependencies all met for dep_context=requeueable deps ti=<TaskInstance: etl_city_pulse.transform_bikes manual__2026-02-10T12:17:55.105388+00:00 [queued]>
[2026-02-10T12:19:59.553+0000] {taskinstance.py:2170} INFO - Starting attempt 2 of 2
[2026-02-10T12:19:59.565+0000] {taskinstance.py:2191} INFO - Executing <Task(BashOperator): transform_bikes> on 2026-02-10 12:17:55.105388+00:00
[2026-02-10T12:19:59.570+0000] {standard_task_runner.py:60} INFO - Started process 396 to run task
[2026-02-10T12:19:59.572+0000] {standard_task_runner.py:87} INFO - Running: ['airflow', 'tasks', 'run', 'etl_city_pulse', 'transform_bikes', 'manual__2026-02-10T12:17:55.105388+00:00', '--job-id', '14', '--raw', '--subdir', 'DAGS_FOLDER/etl_city_pulse.py', '--cfg-path', '/tmp/tmpqiqytsi9']
[2026-02-10T12:19:59.574+0000] {standard_task_runner.py:88} INFO - Job 14: Subtask transform_bikes
[2026-02-10T12:19:59.616+0000] {task_command.py:423} INFO - Running <TaskInstance: etl_city_pulse.transform_bikes manual__2026-02-10T12:17:55.105388+00:00 [running]> on host 4a7f0c581345
[2026-02-10T12:19:59.680+0000] {taskinstance.py:2480} INFO - Exporting env vars: AIRFLOW_CTX_DAG_OWNER='hbibi' AIRFLOW_CTX_DAG_ID='etl_city_pulse' AIRFLOW_CTX_TASK_ID='transform_bikes' AIRFLOW_CTX_EXECUTION_DATE='2026-02-10T12:17:55.105388+00:00' AIRFLOW_CTX_TRY_NUMBER='2' AIRFLOW_CTX_DAG_RUN_ID='manual__2026-02-10T12:17:55.105388+00:00'
[2026-02-10T12:19:59.682+0000] {subprocess.py:63} INFO - Tmp dir root location: /tmp
[2026-02-10T12:19:59.683+0000] {subprocess.py:75} INFO - Running command: ['/usr/bin/bash', '-c', 'python /opt/airflow/transform/transform_bikes.py']
[2026-02-10T12:19:59.691+0000] {subprocess.py:86} INFO - Output:
[2026-02-10T12:20:00.097+0000] {subprocess.py:93} INFO - Traceback (most recent call last):
[2026-02-10T12:20:00.097+0000] {subprocess.py:93} INFO -   File "/opt/airflow/transform/transform_bikes.py", line 43, in <module>
[2026-02-10T12:20:00.098+0000] {subprocess.py:93} INFO -     main()
[2026-02-10T12:20:00.099+0000] {subprocess.py:93} INFO -   File "/opt/airflow/transform/transform_bikes.py", line 33, in main
[2026-02-10T12:20:00.099+0000] {subprocess.py:93} INFO -     raise FileNotFoundError("Aucun fichier JSON bikes trouvé dans raw_data/bikes")
[2026-02-10T12:20:00.100+0000] {subprocess.py:93} INFO - FileNotFoundError: Aucun fichier JSON bikes trouvé dans raw_data/bikes
[2026-02-10T12:20:00.148+0000] {subprocess.py:97} INFO - Command exited with return code 1
[2026-02-10T12:20:00.159+0000] {taskinstance.py:2698} ERROR - Task failed with exception
Traceback (most recent call last):
  File "/home/airflow/.local/lib/python3.8/site-packages/airflow/models/taskinstance.py", line 433, in _execute_task
    result = execute_callable(context=context, **execute_callable_kwargs)
  File "/home/airflow/.local/lib/python3.8/site-packages/airflow/operators/bash.py", line 212, in execute
    raise AirflowException(
airflow.exceptions.AirflowException: Bash command failed. The command returned a non-zero exit code 1.
[2026-02-10T12:20:00.162+0000] {taskinstance.py:1138} INFO - Marking task as FAILED. dag_id=etl_city_pulse, task_id=transform_bikes, execution_date=20260210T121755, start_date=20260210T121959, end_date=20260210T122000
[2026-02-10T12:20:00.173+0000] {standard_task_runner.py:107} ERROR - Failed to execute job 14 for task transform_bikes (Bash command failed. The command returned a non-zero exit code 1.; 396)
[2026-02-10T12:20:00.189+0000] {local_task_job_runner.py:234} INFO - Task exited with return code 1
[2026-02-10T12:20:00.207+0000] {taskinstance.py:3280} INFO - 0 downstream tasks scheduled from follow-on schedule check
